C:\newcd\cd\Source\baseclas\baseclas.cpp
C:\newcd\cd\Source\baseclas\Baseclas.h
C:\newcd\cd\Source\baseclas\Baseclas.hpp
C:\newcd\cd\Source\baseclas\Boolean.h
C:\newcd\cd\Source\baseclas\Compatib.h
C:\newcd\cd\Source\baseclas\Defopt.h
C:\newcd\cd\Source\baseclas\Diagnost.cpp
C:\newcd\cd\Source\baseclas\Diagnost.h
C:\newcd\cd\Source\baseclas\Polimorf.cpp
C:\newcd\cd\Source\baseclas\Polimorf.h
C:\newcd\cd\Source\baseclas\Politest.cpp
C:\newcd\cd\Source\baseclas\Testbase.cpp
C:\newcd\cd\Source\baseclas\Textclas.cpp
C:\newcd\cd\Source\baseclas\Textclas.h
C:\newcd\cd\Source\embedded\Emb_b_w.cpp
C:\newcd\cd\Source\embedded\Emb_b_w.h
C:\newcd\cd\Source\embedded\Emb_Train.cpp
C:\newcd\cd\Source\eval_rec\evalopt.cpp
C:\newcd\cd\Source\eval_rec\evalopt.h
C:\newcd\cd\Source\eval_rec\Evaluate.cpp
C:\newcd\cd\Source\eval_rec\Evaluate.h
C:\newcd\cd\Source\eval_rec\eval_rec.cpp
C:\newcd\cd\Source\eval_segm\eval.cpp
C:\newcd\cd\Source\eval_segm\eval.h
C:\newcd\cd\Source\eval_segm\main_eval.cpp
C:\newcd\cd\Source\features\DSPPROC.CPP
C:\newcd\cd\Source\features\endpoint.cpp
C:\newcd\cd\Source\features\Feature.cpp
C:\newcd\cd\Source\features\Feature.h
C:\newcd\cd\Source\features\mean_feature.cpp
C:\newcd\cd\Source\features\print_file_feat.cpp
C:\newcd\cd\Source\features\print_ph_feat.cpp
C:\newcd\cd\Source\features\Test_feature.cpp
C:\newcd\cd\Source\Initiali\Iniopt.cpp
C:\newcd\cd\Source\Initiali\Iniopt.h
C:\newcd\cd\Source\Initiali\Initiali.cpp
C:\newcd\cd\Source\Initiali\Initiali.h
C:\newcd\cd\Source\Initiali\Proiniti.cpp
C:\newcd\cd\Source\ioclass\labelcl.cpp
C:\newcd\cd\Source\ioclass\labelcl.h
C:\newcd\cd\Source\ioclass\Soundfil.cpp
C:\newcd\cd\Source\ioclass\Soundfil.h
C:\newcd\cd\Source\ioclass\Soundlab.cpp
C:\newcd\cd\Source\ioclass\Soundlab.h
C:\newcd\cd\Source\ioclass\TESTIONE.CPP
C:\newcd\cd\Source\ioclass\Test_MsWav.cpp
C:\newcd\cd\Source\lessico\lessico.cpp
C:\newcd\cd\Source\lessico\lessico.h
C:\newcd\cd\Source\lessico\lexopt.cpp
C:\newcd\cd\Source\lessico\lexopt.h
C:\newcd\cd\Source\lessico\main_lessico.cpp
C:\newcd\cd\Source\recog\hypolist.cpp
C:\newcd\cd\Source\recog\Hypolist.h
C:\newcd\cd\Source\recog\Hypolist.hpp
C:\newcd\cd\Source\recog\recog.cpp
C:\newcd\cd\Source\recog\recopt.cpp
C:\newcd\cd\Source\recog\recopt.h
C:\newcd\cd\Source\resconf\resconf.cpp
C:\newcd\cd\Source\resconf\Resconf.h
C:\newcd\cd\Source\resconf\TESTCONF.CPP
C:\newcd\cd\Source\segment\Hypolist.cpp
C:\newcd\cd\Source\segment\Hypolist.h
C:\newcd\cd\Source\segment\hypolist.hpp
C:\newcd\cd\Source\segment\hypolistseg.cpp
C:\newcd\cd\Source\segment\Segment.cpp
C:\newcd\cd\Source\segment\Segopt.cpp
C:\newcd\cd\Source\segment\Segopt.h
C:\newcd\cd\Source\training\Baumwelc.cpp
C:\newcd\cd\Source\training\Baumwelc.h
C:\newcd\cd\Source\training\Protrain.cpp
C:\newcd\cd\Source\tspecmod\testtspecbase.cpp
C:\newcd\cd\Source\tspecmod\Tspecbas.cpp
C:\newcd\cd\Source\tspecmod\Tspecbas.h
C:\newcd\cd\Source\tspecmod\Tspecbas.hpp
C:\newcd\cd\Source\utils\multifop.cpp
C:\newcd\cd\Source\utils\multifop.h
C:\newcd\cd\Source\vetclas\Arraycla.cpp
C:\newcd\cd\Source\vetclas\Arraycla.h
C:\newcd\cd\Source\vetclas\Arraycla.hpp
C:\newcd\cd\Source\vetclas\Diagclas.cpp
C:\newcd\cd\Source\vetclas\Diagclas.h
C:\newcd\cd\Source\vetclas\Diagclas.hpp
C:\newcd\cd\Source\vetclas\Testvet.cpp
C:\newcd\cd\Source\vetclas\Vetclas.cpp
C:\newcd\cd\Source\vetclas\Vetclas.h
C:\newcd\cd\Source\vetclas\Vetclas.hpp
